// Jest Snapshot v1, https://goo.gl/fbAQLP

exports[`VoteScreen renders correctly 1`] = `null`;
