// Jest Snapshot v1, https://goo.gl/fbAQLP

exports[`ButtonsAction renders correctly 1`] = `
<View
  style={
    {
      "alignItems": "center",
      "flexDirection": "row",
      "justifyContent": "space-between",
      "width": 154,
    }
  }
>
  <View
    accessibilityState={
      {
        "busy": undefined,
        "checked": undefined,
        "disabled": undefined,
        "expanded": undefined,
        "selected": undefined,
      }
    }
    accessibilityValue={
      {
        "max": undefined,
        "min": undefined,
        "now": undefined,
        "text": undefined,
      }
    }
    accessible={true}
    collapsable={false}
    focusable={false}
    onClick={[Function]}
    onResponderGrant={[Function]}
    onResponderMove={[Function]}
    onResponderRelease={[Function]}
    onResponderTerminate={[Function]}
    onResponderTerminationRequest={[Function]}
    onStartShouldSetResponder={[Function]}
    style={
      {
        "alignItems": "center",
        "backgroundColor": "#FFF",
        "borderRadius": 27,
        "boxShadow": "0px 10px 16px 0px #BFBFC04D",
        "height": 54,
        "justifyContent": "center",
        "opacity": 1,
        "width": 54,
      }
    }
  >
    <
      color="#E16359"
      name="close"
      size={26}
      testID="close-icon"
    />
  </View>
  <View
    accessibilityState={
      {
        "busy": undefined,
        "checked": undefined,
        "disabled": undefined,
        "expanded": undefined,
        "selected": undefined,
      }
    }
    accessibilityValue={
      {
        "max": undefined,
        "min": undefined,
        "now": undefined,
        "text": undefined,
      }
    }
    accessible={true}
    collapsable={false}
    focusable={false}
    onClick={[Function]}
    onResponderGrant={[Function]}
    onResponderMove={[Function]}
    onResponderRelease={[Function]}
    onResponderTerminate={[Function]}
    onResponderTerminationRequest={[Function]}
    onStartShouldSetResponder={[Function]}
    style={
      {
        "alignItems": "center",
        "backgroundColor": "#FFF",
        "borderRadius": 27,
        "boxShadow": "0px 10px 16px 0px #BFBFC04D",
        "height": 54,
        "justifyContent": "center",
        "opacity": 1,
        "width": 54,
      }
    }
  >
    <
      color="#6BD88E"
      name="heart"
      size={26.5}
      testID="heart-icon"
    />
  </View>
</View>
`;
