// Jest Snapshot v1, https://goo.gl/fbAQLP

exports[`TabBarIcon renders correctly 1`] = `
<View
  style={
    {
      "height": 64,
      "justifyContent": "center",
      "marginBottom": -13,
    }
  }
  testID="tab-bar-icon"
>
  Test
</View>
`;
