// Jest Snapshot v1, https://goo.gl/fbAQLP

exports[`CardsContainer renders correctly 1`] = `
<View
  style={
    {
      "height": 440,
      "marginBottom": 58,
      "width": "100%",
    }
  }
>
  <Text>
    Test
  </Text>
</View>
`;
