// Jest Snapshot v1, https://goo.gl/fbAQLP

exports[`CircleButton renders correctly 1`] = `
<View
  accessibilityState={
    {
      "busy": undefined,
      "checked": undefined,
      "disabled": undefined,
      "expanded": undefined,
      "selected": undefined,
    }
  }
  accessibilityValue={
    {
      "max": undefined,
      "min": undefined,
      "now": undefined,
      "text": undefined,
    }
  }
  accessible={true}
  collapsable={false}
  focusable={true}
  onClick={[Function]}
  onResponderGrant={[Function]}
  onResponderMove={[Function]}
  onResponderRelease={[Function]}
  onResponderTerminate={[Function]}
  onResponderTerminationRequest={[Function]}
  onStartShouldSetResponder={[Function]}
  style={
    {
      "alignItems": "center",
      "backgroundColor": "#FFF",
      "borderRadius": 27,
      "boxShadow": "0px 10px 16px 0px #BFBFC04D",
      "height": 54,
      "justifyContent": "center",
      "opacity": 1,
      "width": 54,
    }
  }
>
  <Text>
    Test
  </Text>
</View>
`;
